WATCOM Linker Version 11.0
Copyright by Sybase, Inc., and its subsidiaries, 1985, 1997.
Created on:       97/12/29 19:32:03
Executable Image: vagues.exe
creating a PMODE/W executable


                        +------------+
                        |   Groups   |
                        +------------+

Group                           Address              Size
=====                           =======              ====

DGROUP                          0002:00000000        000c2790



                        +--------------+
                        |   Segments   |
                        +--------------+

Segment                Class          Group          Address         Size
=======                =====          =====          =======         ====

BEGTEXT                CODE           AUTO           0001:00000000   00000010
_TEXT                  CODE           AUTO           0001:00000010   0000dd88
_NULL                  BEGDATA        DGROUP         0002:00000000   00000004
_AFTERNULL             BEGDATA        DGROUP         0002:00000004   00000000
CONST                  DATA           DGROUP         0002:00000004   000002a4
CONST2                 DATA           DGROUP         0002:000002a8   00000008
_DATA                  DATA           DGROUP         0002:000002b0   00000ae5
XIB                    DATA           DGROUP         0002:00000d96   00000000
XI                     DATA           DGROUP         0002:00000d96   00000042
XIE                    DATA           DGROUP         0002:00000dd8   00000000
YIB                    DATA           DGROUP         0002:00000dd8   00000000
YI                     DATA           DGROUP         0002:00000dd8   00000012
YIE                    DATA           DGROUP         0002:00000dea   00000000
TIB                    DATA           DGROUP         0002:00000dea   00000000
TI                     DATA           DGROUP         0002:00000dea   00000000
TIE                    DATA           DGROUP         0002:00000dea   00000000
DATA                   DATA           DGROUP         0002:00000dea   00000000
DATA32                 DATA           DGROUP         0002:00000dec   000002cc
CONST32                CONST          DGROUP         0002:000010b8   00000000
_BSS                   BSS            DGROUP         0002:000010c0   000c06c8
BSS32                  BSS            DGROUP         0002:000c1788   00000000
STACK                  STACK          DGROUP         0002:000c1790   00001000


                        +----------------+
                        |   Memory Map   |
                        +----------------+

* = unreferenced symbol
+ = symbol only referenced locally

Address        Symbol
=======        ======

Module: vagues.obj(E:\SOURCES\HYLST\VAGUES\vagues.c)
0001:00000010+ set_vgamode_
0001:00000048  error_
0001:0000009d+ graph_
0001:0000015f  main_
0001:00000311+ calc_tables_
0001:00000524+ loadscreen_
0002:000010c0+ _tc
0002:00002470+ _ts
0002:00003820+ _rayon
0002:00018d88+ _taby
0002:000193c8+ _tut
0002:0002e930+ _screen
0002:000ab930+ _phase
0002:000c0e98+ _vram
0002:000c0e9c+ _mode
Module: dpmi.obj(E:\SOURCES\HYLST\VAGUES\dpmi.c)
0001:00000576* deinitRMbuf_
0001:000005a1+ initRMbuf_
0001:000005e4  PM_callES_
0001:00000672* PM_DPMISpec_
0001:000006de* memoire_left_
0002:000002b0+ _PMBuf_len
0002:000002b4  _PMBuf_sel
0002:000002b8  _PMBuf_off
0002:000002bc  _PMBuf_rseg
0002:000002c0  _PMBuf_roff
0002:000c0ea0+ _Dps
Module: wdpmi.obj(E:\SOURCES\HYLST\VAGUES\wdpmi.c)
0001:00000710* __dpmi_yield_
0001:00000747  __dpmi_allocate_ldt_descriptors_
0001:000007a9* __dpmi_free_ldt_descriptor_
0001:000007f3* __dpmi_segment_to_descriptor_
0001:00000836* __dpmi_get_selector_increment_value_
0001:00000876  __dpmi_get_segment_base_address_
0001:000008d9  __dpmi_set_segment_base_address_
0001:00000935* __dpmi_get_segment_limit_
0001:00000963  __dpmi_set_segment_limit_
0001:000009bf* __dpmi_get_descriptor_access_rights_
0001:000009ed  __dpmi_set_descriptor_access_rights_
0001:00000a3f* __dpmi_create_alias_descriptor_
0001:00000a82* __dpmi_get_descriptor_
0001:00000ac6* __dpmi_set_descriptor_
0001:00000b0a* __dpmi_allocate_specific_ldt_descriptor_
0001:00000b4d* __dpmi_get_multiple_descriptors_
0001:00000b91* __dpmi_set_multiple_descriptors_
0001:00000bd5  __dpmi_allocate_dos_memory_
0001:00000c3c  __dpmi_free_dos_memory_
0001:00000c86* __dpmi_resize_dos_memory_
0001:00000ccb* __dpmi_get_real_mode_interrupt_vector_
0001:00000d0f* __dpmi_set_real_mode_interrupt_vector_
0001:00000d53* __dpmi_get_processor_exception_handler_vector_
0001:00000d97* __dpmi_set_processor_exception_handler_vector_
0001:00000ddb* __dpmi_get_protected_mode_interrupt_vector_
0001:00000e1f* __dpmi_set_protected_mode_interrupt_vector_
0001:00000e63* __dpmi_get_extended_exception_handler_vector_pm_
0001:00000ea7* __dpmi_get_extended_exception_handler_vector_rm_
0001:00000eeb* __dpmi_set_extended_exception_handler_vector_pm_
0001:00000f2f* __dpmi_set_extended_exception_handler_vector_rm_
0001:00000f73  __dpmi_int_
0001:000010bf* __dpmi_simulate_real_mode_interrupt_
0001:000010f5* __dpmi_simulate_real_mode_procedure_retf_
0001:00001138* __dpmi_simulate_real_mode_procedure_retf_stack_
0001:0000117d* __dpmi_simulate_real_mode_procedure_iret_
0001:000011c0* __dpmi_allocate_real_mode_callback_
0001:00001205* __dpmi_free_real_mode_callback_
0001:00001248* __dpmi_get_state_save_restore_addr_
0001:0000128c* __dpmi_get_raw_mode_switch_addr_
0001:000012d0  __dpmi_get_version_
0001:00001337* __dpmi_get_capabilities_
0001:0000137b  __dpmi_get_free_memory_information_
0001:000013e4* __dpmi_allocate_memory_
0001:00001427* __dpmi_free_memory_
0001:0000146a* __dpmi_resize_memory_
0001:000014ad* __dpmi_allocate_linear_memory_
0001:000014f1* __dpmi_resize_linear_memory_
0001:00001535* __dpmi_get_page_attributes_
0001:00001579* __dpmi_set_page_attributes_
0001:000015bd* __dpmi_map_device_in_memory_block_
0001:00001601* __dpmi_map_conventional_memory_in_memory_block_
0001:00001645* __dpmi_get_memory_block_size_and_base_
0001:00001688* __dpmi_get_memory_information_
0001:000016cb* __dpmi_lock_linear_region_
0001:0000170e* __dpmi_unlock_linear_region_
0001:00001751* __dpmi_mark_real_mode_region_as_pageable_
0001:00001794* __dpmi_relock_real_mode_region_
0001:000017d7* __dpmi_get_page_size_
0001:0000181a* __dpmi_mark_page_as_demand_paging_candidate_
0001:0000185d* __dpmi_discard_page_contents_
0001:000018a0  __dpmi_physical_address_mapping_
0001:0000192b* __dpmi_free_physical_address_mapping_
0001:0000196e* __dpmi_get_and_disable_virtual_interrupt_state_
0001:000019ae* __dpmi_get_and_enable_virtual_interrupt_state_
0001:000019ee* __dpmi_get_and_set_virtual_interrupt_state_
0001:00001a2f* __dpmi_get_virtual_interrupt_state_
0001:00001a6f* __dpmi_get_vendor_specific_api_entry_point_
0001:00001ab3* __dpmi_set_debug_watchpoint_
0001:00001af7* __dpmi_clear_debug_watchpoint_
0001:00001b3a* __dpmi_get_state_of_debug_watchpoint_
0001:00001b7e* __dpmi_reset_debug_watchpoint_
0001:00001bc1* __dpmi_install_resident_service_provider_callback_
0001:00001c04* __dpmi_terminate_and_stay_resident_
0001:00001c48* __dpmi_allocate_shared_memory_
0001:00001c8b* __dpmi_free_shared_memory_
0001:00001cce* __dpmi_serialize_on_shared_memory_
0001:00001d12* __dpmi_free_serialization_on_shared_memory_
0001:00001d56* __dpmi_get_coprocessor_status_
0001:00001d96* __dpmi_set_coprocessor_emulation_
0001:00001dd9* __dpmi_get_PMODE_infos_
0002:000c0ea8  ___tb
Module: _vesa2.obj(E:\SOURCES\HYLST\VAGUES\_vesa2.c)
0001:00001e19+ VBE_get_ptr_to_LFB_
0001:00001ef9+ VBE_get_infos_
0001:00001f6f  VBE_get_mode_by_infos_
0001:00001ff5  VBE_get_OEM_infos_
0001:000020e6+ VBE_set_mode_
0001:0000214b  VBE_set_vesa_mode_
0001:00002257+ VBE_set8BitPalette_
0001:000022e3* VBE_set6BitPalette_
0001:0000233d* _VBE_set_palette
0001:000023b6* VBE_get_palette_
0001:00002437* _BITBLT_xflipVESA
0001:00002487+ VBE_set_scanline_length_
0001:00002507* VBE_set_offset_
0002:000c0eac+ _modebuf
0002:000c0fac+ _vesabuf
0002:000c11ac  _VESA
Module: E:\WATCOM\lib386\dos\clib3r.lib(stk)
0001:0000256f* __STK
0001:0000255c  __CHK
0001:0000256c  __GRO
0001:0000258d* __STKOVERFLOW_
Module: E:\WATCOM\lib386\dos\clib3r.lib(iob)
0002:000002d8  ___iob
0002:000004e0  ___tmpfnext
0002:000004e1  __fmode
0002:000c11c8  ___OpenStreams
0002:000c11cc  ___ClosedStreams
Module: E:\WATCOM\lib386\dos\clib3r.lib(fprintf)
0001:0000259c  fprintf_
Module: E:\WATCOM\lib386\dos\clib3r.lib(exit)
0001:000025bd  __null_int23_exit_
0001:000025be  exit_
0001:000025e1+ _exit_
0002:000004e8  ___int23_exit
0002:000004ec  ___FPE_handler_exit
Module: E:\WATCOM\lib386\dos\clib3r.lib(kbhit)
0001:000025f7  kbhit_
Module: E:\WATCOM\lib386\math387r.lib(fchop)
0001:0000260e  __CHP
Module: E:\WATCOM\lib386\dos\clib3r.lib(getch)
0001:0000262b  getch_
Module: E:\WATCOM\lib386\math387r.lib(trig387)
0001:00002693  sin_
0001:00002687  cos_
0001:000026b4* tan_
0001:00002648* IF@COS
0001:00002648* IF@DCOS
0001:00002652* IF@SIN
0001:00002652* IF@DSIN
0001:0000269f* IF@TAN
0001:0000269f* IF@DTAN
Module: E:\WATCOM\lib386\math387r.lib(pow387)
0001:00002816  pow_
0001:000026c0* IF@DPOW
0001:000026c0* IF@POW
Module: E:\WATCOM\lib386\math387r.lib(sqrt387)
0001:00002826  sqrt_
0001:00002856* IF@SQRT
0001:00002856* IF@DSQRT
0001:00002858  __@DSQRT
Module: E:\WATCOM\lib386\math387r.lib(acos387)
0001:000028cb  acos_
0001:0000288e* IF@DACOS
0001:0000288e* IF@ACOS
Module: E:\WATCOM\lib386\dos\clib3r.lib(fopen)
0001:000028d7+ __open_flags_
0001:00002ace+ _fsopen_
0001:00002b12  fopen_
0001:00002b84* freopen_
Module: E:\WATCOM\lib386\dos\clib3r.lib(fread)
0001:00002bd5  fread_
Module: E:\WATCOM\lib386\dos\clib3r.lib(fclose)
0001:00002db6  fclose_
0001:00002de3  __shutdown_stream_
0001:00002e04  __MkTmpFile_
0001:00002eae  __doclose_
Module: E:\WATCOM\lib386\dos\clib3r.lib(cstart)
0001:00000003* ___begtext
0002:00000000* __nullarea
0002:00000508  __GDAptr
0002:0000050c  __D16Infoseg
0002:0000050e  __x386_zero_base_selector
0001:00002f4c  _cstart_
0001:000031db  __exit_
0001:000031dd  __do_exit_with_msg__
0001:00003218  __GETDS
0001:00003218  ___GETDSStart_
0001:00003223  ___GETDSEnd_
Module: E:\WATCOM\lib386\dos\clib3r.lib(fltused)
0002:00000510  _fltused_
Module: E:\WATCOM\lib386\dos\emu387.lib(386inite)
0001:00003229* __fini_387_emulator
0001:00003224  __init_387_emulator
Module: E:\WATCOM\lib386\dos\clib3r.lib(01h)
0002:00000514  __8087
0002:00000515  __real87
Module: E:\WATCOM\lib386\dos\clib3r.lib(int386)
0001:0000322e  int386_
Module: E:\WATCOM\lib386\dos\clib3r.lib(memset)
0001:0000324b  memset_
Module: E:\WATCOM\lib386\dos\clib3r.lib(segread)
0001:00003263  segread_
Module: E:\WATCOM\lib386\dos\clib3r.lib(intx386)
0001:0000328b  int386x_
Module: E:\WATCOM\lib386\dos\clib3r.lib(strncpy)
0001:000032a4  strncpy_
Module: E:\WATCOM\lib386\dos\clib3r.lib(strncmp)
0001:000032c9  strncmp_
Module: E:\WATCOM\lib386\dos\clib3r.lib(xmsg)
0001:000032f2* __exit_with_msg_
0001:000032f7  __fatal_runtime_error_
Module: E:\WATCOM\lib386\dos\clib3r.lib(crwdata)
0002:00000528  __psp
0002:00000553  __osmajor
0002:00000554  __osminor
0002:0000054a  __Extender
0002:0000054b  __ExtenderSubtype
0002:0000054c  __X32VM
0002:0000052c* __x386_stacklow
0002:00000520  __LpCmdLine
0002:00000524  __LpPgmName
0002:00000518  __dynend
0002:0000051c  __curbrk
0002:0000052c  __STACKLOW
0002:00000530  __STACKTOP
0002:00000534  __ASTACKSIZ
0002:00000538  __ASTACKPTR
0002:0000053c  __cbyte
0002:00000540* __cbyte2
0002:00000544  __child
0002:0000054d  __Envptr
0002:00000551  __Envseg
0002:00000548  __no87
0002:00000555  __FPE_handler
0002:00000555  ___FPE_handler
Module: E:\WATCOM\lib386\dos\clib3r.lib(initfile)
0001:00003315  __InitFiles_
Module: E:\WATCOM\lib386\dos\clib3r.lib(ioexit)
0001:000033a7  __full_io_exit_
0001:000033b3* fcloseall_
Module: E:\WATCOM\lib386\dos\clib3r.lib(fprtf)
0001:00003421  __fprtf_
Module: E:\WATCOM\lib386\dos\clib3r.lib(initrtns)
0001:000034d2  __InitRtns
0001:0000351e  __FiniRtns
Module: E:\WATCOM\lib386\dos\clib3r.lib(chipvar)
0002:0000055c  ___chipbug
0002:0000055c  __chipbug
Module: E:\WATCOM\lib386\dos\clib3r.lib(chipt32)
0001:00003570  __fptan_chk
Module: E:\WATCOM\lib386\math387r.lib(pow87e)
0001:00003621  __pow87_err_
Module: E:\WATCOM\lib386\math387r.lib(exp387)
0001:00003712* exp_
0001:000036a8* __@DEXP1
0001:000036b0* IF@EXP
0001:000036b0* IF@DEXP
0001:000036b2  __@DEXP
Module: E:\WATCOM\lib386\dos\clib3r.lib(chipd32)
0001:00003837  __fdiv_fpr
0001:00003cf9* __fdiv_chk
0001:00003d0c* __fdiv_m32
0001:00003d58  __fdiv_m64
0001:00003da4* __fdiv_m32r
0001:00003df0* __fdiv_m64r
Module: E:\WATCOM\lib386\math387r.lib(math87e)
0001:00003e3c  __math87_err_
Module: E:\WATCOM\lib386\math387r.lib(atan387)
0001:00003ee2* atan_
0001:00003eee* atan2_
0001:00003eb8* IF@ATAN
0001:00003eb8* IF@DATAN
0001:00003ecd* IF@ATAN2
0001:00003ecd  IF@DATAN2
Module: E:\WATCOM\lib386\dos\clib3r.lib(comtflag)
0001:00003efe* __set_commode_
0002:00000570  __commode
Module: E:\WATCOM\lib386\dos\clib3r.lib(seterrno)
0001:00003f09  __set_errno_
0001:00003f15  __set_EDOM_
0001:00003f1c  __set_ERANGE_
0001:00003f23* __set_EINVAL_
0001:00003f33  __set_doserrno_
Module: E:\WATCOM\lib386\dos\clib3r.lib(tolower)
0001:00003f3f  tolower_
Module: E:\WATCOM\lib386\dos\clib3r.lib(open)
0001:00003f4d* open_
0001:00003f71  sopen_
0001:000041af* __set_binary_
Module: E:\WATCOM\lib386\dos\clib3r.lib(allocfp)
0001:00004214  __allocfp_
0001:000042bd  __freefp_
0001:000042f6  __purgefp_
Module: E:\WATCOM\lib386\dos\clib3r.lib(fseek)
0001:00004369  fseek_
Module: E:\WATCOM\lib386\dos\clib3r.lib(chktty)
0001:00004478  __chktty_
Module: E:\WATCOM\lib386\dos\clib3r.lib(ioalloc)
0001:000044a9  __ioalloc_
Module: E:\WATCOM\lib386\dos\clib3r.lib(qread)
0001:00004530  __qread_
Module: E:\WATCOM\lib386\dos\clib3r.lib(fgetc)
0001:0000454f* fgetc_
0001:000045f7+ __filbuf_
0001:00004626  __fill_buffer_
Module: E:\WATCOM\lib386\dos\clib3r.lib(gtpid)
0001:000046da  getpid_
Module: E:\WATCOM\lib386\dos\clib3r.lib(tmpfl)
0001:000046e0* tmpfile_
0001:000047d3  __GetTmpPath_
Module: E:\WATCOM\lib386\dos\clib3r.lib(flush)
0001:0000489b  __flush_
Module: E:\WATCOM\lib386\dos\clib3r.lib(ftell)
0001:00004999  ftell_
Module: E:\WATCOM\lib386\dos\clib3r.lib(lseek)
0001:000049dc  lseek_
Module: E:\WATCOM\lib386\dos\clib3r.lib(_clse)
0001:00004a41  __close_
Module: E:\WATCOM\lib386\dos\clib3r.lib(nfree)
0001:00004a76  _nfree_
0001:00004a76  free_
0002:000c11d0  ___MiniHeapFreeRover
Module: E:\WATCOM\lib386\dos\clib3r.lib(remove)
0001:00004b71  remove_
Module: E:\WATCOM\lib386\dos\clib3r.lib(cmain386)
0001:00004b76  __CMain
Module: E:\WATCOM\lib386\dos\clib3r.lib(dosseg)
0000:00001234  __DOSseg__
Module: E:\WATCOM\lib386\dos\clib3r.lib(setefg)
0001:00004bd4  __setEFGfmt_
Module: E:\WATCOM\lib386\math387r.lib(dosinite)
0001:00004bf0  __sys_init_387_emulator
0001:00004d75  __sys_fini_387_emulator
Module: E:\WATCOM\lib386\dos\clib3r.lib(chk8087)
0001:00004e54+ __init_8087_
0001:00004e85* _fpreset_
0001:00004e8f  __chk8087_
Module: E:\WATCOM\lib386\dos\clib3r.lib(__stos)
0001:00004ee0  __STOSB
0001:00004f17* __STOSD
Module: E:\WATCOM\lib386\dos\clib3r.lib(int386xa)
0001:00004f84  __int386x_
0001:00004fe1  _DoINTR_
Module: E:\WATCOM\lib386\dos\clib3r.lib(enterdb)
0001:00005362  __EnterWVIDEO_
0002:00000664+ ___WD_Present
Module: E:\WATCOM\lib386\dos\clib3r.lib(nmalloc)
0001:00005388  _nmalloc_
0001:00005388  malloc_
0002:00000668  ___nheapbeg
0002:0000066c  ___MiniHeapRover
0002:00000670  ___LargestSizeB4MiniHeapRover
Module: E:\WATCOM\lib386\dos\clib3r.lib(fputc)
0001:00005469  fputc_
Module: E:\WATCOM\lib386\dos\clib3r.lib(prtf)
0001:0000552c  __prtf_
Module: E:\WATCOM\lib386\dos\clib3r.lib(sgdef086)
0002:00000d96  __Start_XI
0002:00000dd8  __End_XI
0002:00000dd8  __Start_YI
0002:00000dea  __End_YI
Module: E:\WATCOM\lib386\dos\clib3r.lib(chipbug)
0001:000061b4  __verify_pentium_fdiv_bug_
Module: E:\WATCOM\lib386\math387r.lib(math2err)
0001:00006232  __math1err_
0001:0000623c  __math2err_
Module: E:\WATCOM\lib386\dos\clib3r.lib(chipw32)
0001:00006318  __fpatan_wrap
Module: E:\WATCOM\lib386\dos\clib3r.lib(errno)
0001:0000634c  __get_errno_ptr_
0001:00006352  __get_doserrno_ptr_
0002:000c11d4+ _errno
0002:000c11d8+ __doserrno
Module: E:\WATCOM\lib386\dos\clib3r.lib(iomode)
0001:00006358  __IOMode_
0001:000063ad  __SetIOMode_
0002:000006d0  ___NFiles
0002:000006d4+ ___init_mode
0002:00000724+ __iomode
Module: E:\WATCOM\lib386\dos\clib3r.lib(isatt)
0001:000063ce  isatty_
Module: E:\WATCOM\lib386\dos\clib3r.lib(dosret)
0001:000063ec  _dosret0_
0001:000063f3* _dosretax_
0001:000063f7  __set_errno_dos_
Module: E:\WATCOM\lib386\dos\clib3r.lib(umaskval)
0002:0000073c  ___umaskval
Module: E:\WATCOM\lib386\dos\clib3r.lib(tell)
0001:0000645b  tell_
Module: E:\WATCOM\lib386\dos\clib3r.lib(flushall)
0001:0000646c  flushall_
0001:00006471  __flushall_
Module: E:\WATCOM\lib386\dos\clib3r.lib(gtche)
0001:000064a0  getche_
Module: E:\WATCOM\lib386\dos\clib3r.lib(accss)
0001:000064bd  access_
Module: E:\WATCOM\lib386\dos\clib3r.lib(renam)
0001:000064f8  rename_
Module: E:\WATCOM\lib386\dos\clib3r.lib(getenv)
0001:00006526  getenv_
Module: E:\WATCOM\lib386\dos\clib3r.lib(fullpath)
0001:00006580  _fullpath_
Module: E:\WATCOM\lib386\dos\clib3r.lib(gtcwd)
0001:0000684f  getcwd_
Module: E:\WATCOM\lib386\dos\clib3r.lib(qwrit)
0001:000068df  __qwrite_
Module: E:\WATCOM\lib386\dos\clib3r.lib(fsync)
0001:00006953  fsync_
Module: E:\WATCOM\lib386\dos\clib3r.lib(fflush)
0001:00006958  fflush_
Module: E:\WATCOM\lib386\dos\clib3r.lib(mem)
0001:00006970  __MemAllocator
0001:00006a20  __MemFree
Module: E:\WATCOM\lib386\dos\clib3r.lib(heapmod)
0002:000c11e0  ___nheap_clean
0002:000c11e1* ___fheap_clean
Module: E:\WATCOM\lib386\dos\clib3r.lib(unlnk)
0001:00006b50  unlink_
Module: E:\WATCOM\lib386\dos\clib3r.lib(stack386)
0001:00006b71  stackavail_
Module: E:\WATCOM\lib386\dos\clib3r.lib(cinit)
0001:00006b7a  __CommonInit_
Module: E:\WATCOM\lib386\dos\clib3r.lib(___argc)
0002:000c11e4  ____Argc
0002:000c11e8  ____Argv
Module: E:\WATCOM\lib386\math387r.lib(efgfmt)
0001:00006bd5  _EFG_Format_
Module: E:\WATCOM\lib386\math387r.lib(cnvs2d)
0001:00006ce9  __cnvs2d_
Module: E:\WATCOM\lib386\dos\clib3r.lib(noefgfmt)
0002:00000740  ___EFG_printf
0002:00000744  ___EFG_scanf
Module: E:\WATCOM\lib386\dos\emu387.lib(emu387)
0001:000070f0* __int7_X32VM
0001:0000713c  __int7
0001:000070cc  __int7_pl3
0001:0000708c* stkop1
Module: E:\WATCOM\lib386\dos\clib3r.lib(hook387)
0001:0000a1e4  __hook387
0001:0000a2ae  __unhook387
Module: E:\WATCOM\lib386\dos\clib3r.lib(8087cw)
0002:000007cc  __8087cw
Module: E:\WATCOM\lib386\dos\clib3r.lib(save8087)
0002:000007d0  ___Save8087
0002:000007d4  ___Rest8087
Module: E:\WATCOM\lib386\dos\clib3r.lib(init8087)
0001:0000a308  __init_80x87
Module: E:\WATCOM\lib386\dos\clib3r.lib(grownear)
0001:0000a39a+ __FreeDPMIBlocks_
0001:0000a3f6* __ReAllocDPMIBlock_
0001:0000a561+ __LastFree_
0001:0000a72e  __ExpandDGROUP_
Module: E:\WATCOM\lib386\dos\clib3r.lib(nmemneed)
0001:0000a8ef  __nmemneed_
Module: E:\WATCOM\lib386\dos\clib3r.lib(wctomb)
0001:0000a8f2  wctomb_
Module: E:\WATCOM\lib386\dos\clib3r.lib(itoa)
0001:0000a91e+ utoa_
0001:0000a967  itoa_
Module: E:\WATCOM\lib386\dos\clib3r.lib(lltoa)
0001:0000a982  __clib_ulltoa_
0001:0000aa19* __clib_lltoa_
Module: E:\WATCOM\lib386\dos\clib3r.lib(ltoa)
0001:0000aa6f  ultoa_
0001:0000aab8* ltoa_
Module: E:\WATCOM\lib386\dos\clib3r.lib(mbisdbcs)
0002:000c126c  ___IsDBCS
Module: E:\WATCOM\lib386\dos\clib3r.lib(mbislead)
0001:0000aad3* _ismbblead_
0002:000c1270  ___MBCSIsTable
Module: E:\WATCOM\lib386\dos\clib3r.lib(toupper)
0001:0000aae8  toupper_
Module: E:\WATCOM\lib386\dos\clib3r.lib(div386)
0001:0000aaf6  __FDD
Module: E:\WATCOM\lib386\dos\clib3r.lib(fd386mth)
0001:0000ad02* __FDA
0001:0000acfc  __FDS
0001:0000aeb9  __FDM
Module: E:\WATCOM\lib386\dos\clib3r.lib(fdc)
0001:0000b056  __FDC
Module: E:\WATCOM\lib386\dos\clib3r.lib(hugeval)
0002:000002a8  __HugeValue
Module: E:\WATCOM\lib386\math387r.lib(_matherr)
0001:0000b08e* _set_matherr_
0001:0000b094+ __rterrmsg_
0001:0000b0dc  _matherr_
0002:0000086c+ __RWD_matherr
Module: E:\WATCOM\lib386\dos\clib3r.lib(chipa32)
0001:0000b110  __fpatan_chk
Module: E:\WATCOM\lib386\dos\clib3r.lib(environ)
0002:000c1374  ___env_mask
0002:000c1378  _environ
0002:000c137c* __wenviron
Module: E:\WATCOM\lib386\dos\clib3r.lib(mbsnicmp)
0001:0000b310  _mbsnicmp_
Module: E:\WATCOM\lib386\dos\clib3r.lib(istable)
0002:00000870  __IsTable
Module: E:\WATCOM\lib386\dos\clib3r.lib(dosfile)
0001:0000b382* _dos_close_
0001:0000b391  _dos_commit_
0001:0000b3a1* _dos_open_
Module: E:\WATCOM\lib386\dos\clib3r.lib(amblksiz)
0002:00000974  __amblksiz
Module: E:\WATCOM\lib386\dos\clib3r.lib(sigsy)
0001:0000b4bd  __DPMI_hosted_
0001:0000b548  __restore_int23_
0001:0000b73d  __restore_int_ctrl_break_
0001:0000b75e  __grab_int23_
0001:0000b8a6  __grab_int_ctrl_break_
Module: E:\WATCOM\lib386\math387r.lib(ldcvt)
0001:0000baf5  _LDScale10x_
0001:0000bb4f  __LDcvt_
Module: E:\WATCOM\lib386\math387r.lib(strtod)
0001:0000c505+ __Strtold_
0001:0000c699  strtod_
Module: E:\WATCOM\lib386\dos\clib3r.lib(d_setvec)
0001:0000c718  _dos_setvect_
Module: E:\WATCOM\lib386\dos\clib3r.lib(minreal)
0002:000c1780  ___minreal
Module: E:\WATCOM\lib386\dos\clib3r.lib(heapen)
0001:0000c743* _heapenable_
0002:00000a20  ___heap_enabled
Module: E:\WATCOM\lib386\dos\clib3r.lib(sbrk386)
0001:0000c753* sbrk_
0001:0000c813  __brk_
Module: E:\WATCOM\lib386\dos\clib3r.lib(i8d)
0001:0000c8d8* __I8D
0001:0000c92d  __U8D
Module: E:\WATCOM\lib386\dos\clib3r.lib(mbinit)
0001:0000c9bb  __mbinit_
0001:0000cb02+ dos_get_dbcs_lead_table_
0001:0000cc04+ dos_get_code_page_
0002:00000a24  ___MBCodePage
Module: E:\WATCOM\lib386\dos\clib3r.lib(fstatus)
0001:0000cd6a  F8UnderFlow
0001:0000cd6c* F4UnderFlow
0001:0000cd6f* F8InvalidOp
0001:0000cd7b  F8DivZero
0001:0000cda7* F4DivZero
0001:0000cd87  F8OverFlow
0001:0000cdb3* F4OverFlow
0001:0000cd87* F8RetInf_
0001:0000cd87* _F8RetInf_
Module: E:\WATCOM\lib386\math387r.lib(__mtherr)
0001:0000cdd0  __matherr
Module: E:\WATCOM\lib386\dos\clib3r.lib(iobaddr)
0001:0000cdd5  __get_std_stream_
Module: E:\WATCOM\lib386\dos\clib3r.lib(fputs)
0001:0000cdf4  fputs_
Module: E:\WATCOM\lib386\dos\clib3r.lib(setenvp)
0001:0000ce7d  __setenvp_
Module: E:\WATCOM\lib386\dos\clib3r.lib(mbterm)
0001:0000cf51  _mbterm_
Module: E:\WATCOM\lib386\dos\clib3r.lib(mbcicmp)
0001:0000cf8d  _mbcicmp_
Module: E:\WATCOM\lib386\dos\clib3r.lib(mbsinc)
0001:0000cfe4  _mbsinc_
Module: E:\WATCOM\lib386\dos\clib3r.lib(doserror)
0001:0000d012  __doserror_
Module: E:\WATCOM\lib386\dos\clib3r.lib(signl)
0001:0000d025+ __sigabort_
0001:0000d02f  __sigfpe_handler_
0001:0000d066* signal_
0001:0000d141  raise_
Module: E:\WATCOM\lib386\dos\clib3r.lib(chainint)
0001:0000d1f4  _chain_intr_
Module: E:\WATCOM\lib386\dos\clib3r.lib(nonibm)
0001:0000d20d+ __is_nonIBM_
0002:00000a5c  ___NonIBM
Module: E:\WATCOM\lib386\dos\clib3r.lib(d_getvec)
0001:0000d265  _dos_getvect_
Module: E:\WATCOM\lib386\math387r.lib(ldclass)
0001:0000d295  __LDClass_
Module: E:\WATCOM\lib386\dos\clib3r.lib(bufld386)
0001:0000d2e6  __ZBuf2LD
Module: E:\WATCOM\lib386\dos\clib3r.lib(intr)
0001:0000d389  intr_
Module: E:\WATCOM\lib386\dos\clib3r.lib(inirmsel)
0002:000c1784  __ExtenderRealModeSelector
Module: E:\WATCOM\lib386\dos\clib3r.lib(fpexcept)
0001:0000d495  __FPE_exception_
Module: E:\WATCOM\lib386\math387r.lib(matherr)
0001:0000d49c  matherr_
Module: E:\WATCOM\lib386\dos\clib3r.lib(mbccpy)
0001:0000d49f  _mbccpy_
Module: E:\WATCOM\lib386\dos\clib3r.lib(mbclen)
0001:0000d4d0  _mbclen_
Module: E:\WATCOM\lib386\dos\clib3r.lib(mbsupr)
0001:0000d4fb  _mbsupr_
Module: E:\WATCOM\lib386\dos\clib3r.lib(mbccmp)
0001:0000d54a  _mbccmp_
Module: E:\WATCOM\lib386\dos\clib3r.lib(abort)
0001:0000d5a2* abort_
0001:0000d5a8  __terminate_
0002:00000a60  ___abort
Module: E:\WATCOM\lib386\dos\clib3r.lib(cntrl87)
0001:0000d5ba  _control87_
Module: E:\WATCOM\lib386\math387r.lib(grabfpe)
0001:0000d606  __grab_fpe_
Module: E:\WATCOM\lib386\dos\clib3r.lib(mbsnextc)
0001:0000d60b  _mbsnextc_
Module: E:\WATCOM\lib386\dos\clib3r.lib(mbcupper)
0001:0000d646  _mbctoupper_
Module: E:\WATCOM\lib386\dos\clib3r.lib(mbconv)
0001:0000d6db  _mbvtop_
Module: E:\WATCOM\lib386\dos\clib3r.lib(grabfp87)
0001:0000d6f5  __GrabFP87_
Module: E:\WATCOM\lib386\dos\clib3r.lib(mbdtoupp)
0001:0000d771  _mbdtoupper_
Module: E:\WATCOM\lib386\dos\clib3r.lib(fpe387)
0002:00000a64  ___PMSeg
0002:00000a66  ___PMAddr
0002:00000a6a  ___RMAddr
0001:0000d784  __Init_FPE_handler_
0001:0000d7e1  __Fini_FPE_handler_
Module: E:\WATCOM\lib386\dos\clib3r.lib(fpeinth)
0001:0000d83e  __Enable_FPE_
0001:0000d853  __FPEHandler_
0001:0000d853  ___FPEHandlerStart_
0001:0000d860  __FPE2Handler_
0001:0000d963  ___FPEHandlerEnd_
Module: E:\WATCOM\lib386\dos\clib3r.lib(ismbdlow)
0001:0000da9b  _ismbdlower_
Module: E:\WATCOM\lib386\dos\clib3r.lib(fpephar)
0001:0000dade  __Phar_hook_init_
0001:0000dba1  __Phar_hook_fini_
Module: E:\WATCOM\lib386\dos\clib3r.lib(fpedos4g)
0001:0000dbce  __DOS4G_hook_init_
0001:0000dbfb  __DOS4G_hook_fini_
Module: E:\WATCOM\lib386\dos\clib3r.lib(fpeergo)
0001:0000dc14  __Ergo_hook_init_
0001:0000dc52  __Ergo_hook_fini_
Module: E:\WATCOM\lib386\dos\clib3r.lib(fpeintel)
0001:0000dc6c  __Intel_hook_init_
0001:0000dcc4  __Intel_hook_fini_
Module: E:\WATCOM\lib386\dos\clib3r.lib(mbislegl)
0001:0000dcc5  _ismbclegal_
Module: E:\WATCOM\lib386\dos\clib3r.lib(fpeint)
0002:00000c8c  ___FPE_int
0002:00000c8d  ___IRQ_num
0002:00000c8e  ___IRQ_int
0002:00000c8f  ___MST_pic
0002:00000c90+ ___SLV_pic
Module: E:\WATCOM\lib386\dos\clib3r.lib(mbistrai)
0001:0000dd63  _ismbbtrail_
Module: E:\WATCOM\lib386\dos\clib3r.lib(isktable)
0002:00000c94  __IsKTable


                        +----------------------+
                        |   Imported Symbols   |
                        +----------------------+

Symbol                              Module
======                              ======



                        +--------------------+
                        |   Libraries Used   |
                        +--------------------+

E:\WATCOM\lib386\dos\clib3r.lib
E:\WATCOM\lib386\math387r.lib
E:\WATCOM\lib386\dos\emu387.lib


                        +-----------------------+
                        |   Linker Statistics   |
                        +-----------------------+

Stack size:  1000 (4096.)
Memory size:  000d0528 (853288.)
Entry point address: 0001:00002f4c
Link time: 00:01.15
